/data/scripts/prom_simulation/simulate_fc.sh 1A
/data/scripts/prom_simulation/simulate_fc.sh 2A
/data/scripts/prom_simulation/simulate_fc.sh 3A
/data/scripts/prom_simulation/simulate_fc.sh 4A
/data/scripts/prom_simulation/simulate_fc.sh 5A
/data/scripts/prom_simulation/simulate_fc.sh 6A
/data/scripts/prom_simulation/simulate_fc.sh 1B
/data/scripts/prom_simulation/simulate_fc.sh 2B
/data/scripts/prom_simulation/simulate_fc.sh 3B
/data/scripts/prom_simulation/simulate_fc.sh 4B
/data/scripts/prom_simulation/simulate_fc.sh 5B
/data/scripts/prom_simulation/simulate_fc.sh 6B
/data/scripts/prom_simulation/simulate_fc.sh 1C
/data/scripts/prom_simulation/simulate_fc.sh 2C
/data/scripts/prom_simulation/simulate_fc.sh 3C
/data/scripts/prom_simulation/simulate_fc.sh 4C
/data/scripts/prom_simulation/simulate_fc.sh 5C
/data/scripts/prom_simulation/simulate_fc.sh 6C
/data/scripts/prom_simulation/simulate_fc.sh 1D
/data/scripts/prom_simulation/simulate_fc.sh 2D
/data/scripts/prom_simulation/simulate_fc.sh 3D
/data/scripts/prom_simulation/simulate_fc.sh 4D
/data/scripts/prom_simulation/simulate_fc.sh 5D
/data/scripts/prom_simulation/simulate_fc.sh 6D
/data/scripts/prom_simulation/simulate_fc.sh 1E
/data/scripts/prom_simulation/simulate_fc.sh 2E
/data/scripts/prom_simulation/simulate_fc.sh 3E
/data/scripts/prom_simulation/simulate_fc.sh 4E
/data/scripts/prom_simulation/simulate_fc.sh 5E
/data/scripts/prom_simulation/simulate_fc.sh 6E
/data/scripts/prom_simulation/simulate_fc.sh 1F
/data/scripts/prom_simulation/simulate_fc.sh 2F
/data/scripts/prom_simulation/simulate_fc.sh 3F
/data/scripts/prom_simulation/simulate_fc.sh 4F
/data/scripts/prom_simulation/simulate_fc.sh 5F
/data/scripts/prom_simulation/simulate_fc.sh 6F
/data/scripts/prom_simulation/simulate_fc.sh 1G
/data/scripts/prom_simulation/simulate_fc.sh 2G
/data/scripts/prom_simulation/simulate_fc.sh 3G
/data/scripts/prom_simulation/simulate_fc.sh 4G
/data/scripts/prom_simulation/simulate_fc.sh 5G
/data/scripts/prom_simulation/simulate_fc.sh 6G
/data/scripts/prom_simulation/simulate_fc.sh 1H
/data/scripts/prom_simulation/simulate_fc.sh 2H
/data/scripts/prom_simulation/simulate_fc.sh 3H
/data/scripts/prom_simulation/simulate_fc.sh 4H
/data/scripts/prom_simulation/simulate_fc.sh 5H
/data/scripts/prom_simulation/simulate_fc.sh 6H
